// Jest Snapshot v1, https://goo.gl/fbAQLP

exports[`app - version selector 1`] = `"0.13.37"`;
